03-18 19:30:48: Training starting...
03-18 19:30:49: New best reward 18.4 (+nan%) at episode 0, saving model...
03-18 19:30:51: New best reward 30.7 (+67.3%) at episode 2, saving model...
03-18 19:30:51: New best reward 40.5 (+31.9%) at episode 8, saving model...
03-18 19:30:51: New best reward 44.5 (+9.9%) at episode 19, saving model...
03-18 19:30:52: New best reward 55.4 (+24.5%) at episode 35, saving model...
03-18 19:30:52: New best reward 69.5 (+25.4%) at episode 43, saving model...
03-18 19:30:53: New best reward 75.1 (+8.0%) at episode 77, saving model...
03-18 19:30:54: Checkpoint saved at episode 100
03-18 19:30:58: New best reward 90.0 (+19.9%) at episode 197, saving model...
03-18 19:30:58: Checkpoint saved at episode 200
03-18 19:31:02: Checkpoint saved at episode 300
03-18 19:31:03: New best reward 96.4 (+7.1%) at episode 327, saving model...
03-18 19:31:04: New best reward 104.0 (+7.9%) at episode 369, saving model...
03-18 19:31:05: Checkpoint saved at episode 400
03-18 19:31:09: New best reward 120.3 (+15.7%) at episode 491, saving model...
03-18 19:31:09: Checkpoint saved at episode 500
03-18 19:31:13: Checkpoint saved at episode 600
03-18 19:31:15: New best reward 174.8 (+45.3%) at episode 644, saving model...
03-18 19:31:17: Checkpoint saved at episode 700
03-18 19:31:21: Checkpoint saved at episode 800
03-18 19:31:26: Checkpoint saved at episode 900
03-18 19:31:30: Checkpoint saved at episode 1000
03-18 19:31:34: Checkpoint saved at episode 1100
03-18 19:31:38: Checkpoint saved at episode 1200
03-18 19:31:41: Checkpoint saved at episode 1300
03-18 19:31:45: Checkpoint saved at episode 1400
03-18 19:31:49: Checkpoint saved at episode 1500
03-18 19:31:54: Checkpoint saved at episode 1600
03-18 19:31:58: Checkpoint saved at episode 1700
03-18 19:32:02: Checkpoint saved at episode 1800
03-18 19:32:06: Checkpoint saved at episode 1900
03-18 19:32:10: Checkpoint saved at episode 2000
03-18 19:32:10: New best reward 175.9 (+0.6%) at episode 2010, saving model...
03-18 19:32:14: Checkpoint saved at episode 2100
03-18 19:32:18: Checkpoint saved at episode 2200
03-18 19:32:20: New best reward 188.0 (+6.9%) at episode 2224, saving model...
03-18 19:32:23: Checkpoint saved at episode 2300
03-18 19:32:26: Checkpoint saved at episode 2400
03-18 19:32:31: Checkpoint saved at episode 2500
03-18 19:32:34: New best reward 207.4 (+10.3%) at episode 2561, saving model...
03-18 19:32:36: Checkpoint saved at episode 2600
03-18 19:32:40: Checkpoint saved at episode 2700
03-18 19:32:42: New best reward 228.1 (+10.0%) at episode 2746, saving model...
03-18 19:32:44: Checkpoint saved at episode 2800
03-18 19:32:49: Checkpoint saved at episode 2900
03-18 19:32:54: Checkpoint saved at episode 3000
03-18 19:32:58: Checkpoint saved at episode 3100
03-18 19:33:03: Checkpoint saved at episode 3200
03-18 19:33:08: Checkpoint saved at episode 3300
03-18 19:33:13: Checkpoint saved at episode 3400
03-18 19:33:18: Checkpoint saved at episode 3500
03-18 19:33:23: Checkpoint saved at episode 3600
03-18 19:33:26: Checkpoint saved at episode 3700
03-18 19:33:31: Checkpoint saved at episode 3800
03-18 19:33:36: Checkpoint saved at episode 3900
03-18 19:33:42: Checkpoint saved at episode 4000
03-18 19:33:47: Checkpoint saved at episode 4100
03-18 19:33:51: Checkpoint saved at episode 4200
03-18 19:33:57: Checkpoint saved at episode 4300
03-18 19:34:02: Checkpoint saved at episode 4400
03-18 19:34:08: Checkpoint saved at episode 4500
03-18 19:34:14: Checkpoint saved at episode 4600
03-18 19:34:20: Checkpoint saved at episode 4700
03-18 19:34:26: Checkpoint saved at episode 4800
03-18 19:34:31: Checkpoint saved at episode 4900
03-18 19:34:37: Checkpoint saved at episode 5000
03-18 19:34:43: New best reward 234.8 (+2.9%) at episode 5096, saving model...
03-18 19:34:44: Checkpoint saved at episode 5100
03-18 19:34:50: Checkpoint saved at episode 5200
03-18 19:34:56: Checkpoint saved at episode 5300
03-18 19:35:02: Checkpoint saved at episode 5400
03-18 19:35:08: Checkpoint saved at episode 5500
03-18 19:35:13: New best reward 265.2 (+13.0%) at episode 5561, saving model...
03-18 19:35:16: Checkpoint saved at episode 5600
03-18 19:35:22: Checkpoint saved at episode 5700
03-18 19:35:29: Checkpoint saved at episode 5800
03-18 19:35:36: Checkpoint saved at episode 5900
03-18 19:35:43: Checkpoint saved at episode 6000
03-18 19:35:50: Checkpoint saved at episode 6100
03-18 19:35:57: Checkpoint saved at episode 6200
03-18 19:36:04: Checkpoint saved at episode 6300
03-18 19:36:11: Checkpoint saved at episode 6400
03-18 19:36:18: Checkpoint saved at episode 6500
03-18 19:36:26: Checkpoint saved at episode 6600
03-18 19:36:35: Checkpoint saved at episode 6700
03-18 19:36:43: Checkpoint saved at episode 6800
03-18 19:36:50: Checkpoint saved at episode 6900
03-18 19:36:56: New best reward 279.3 (+5.3%) at episode 6973, saving model...
03-18 19:36:58: Checkpoint saved at episode 7000
03-18 19:37:06: Checkpoint saved at episode 7100
03-18 19:37:14: Checkpoint saved at episode 7200
03-18 19:37:22: Checkpoint saved at episode 7300
03-18 19:37:30: Checkpoint saved at episode 7400
03-18 19:37:30: New best reward 289.5 (+3.7%) at episode 7409, saving model...
03-18 19:37:38: Checkpoint saved at episode 7500
03-18 19:37:48: Checkpoint saved at episode 7600
03-18 19:37:57: Checkpoint saved at episode 7700
03-18 19:38:07: Checkpoint saved at episode 7800
03-18 19:38:16: Checkpoint saved at episode 7900
03-18 19:38:26: Checkpoint saved at episode 8000
03-18 19:38:36: Checkpoint saved at episode 8100
03-18 19:38:46: Checkpoint saved at episode 8200
03-18 19:38:47: New best reward 370.1 (+27.8%) at episode 8216, saving model...
03-18 19:38:56: Checkpoint saved at episode 8300
03-18 19:39:07: Checkpoint saved at episode 8400
03-18 19:39:16: Checkpoint saved at episode 8500
03-18 19:39:27: Checkpoint saved at episode 8600
03-18 19:39:37: Checkpoint saved at episode 8700
03-18 19:39:48: Checkpoint saved at episode 8800
03-18 19:39:57: Checkpoint saved at episode 8900
03-18 19:40:08: Checkpoint saved at episode 9000
03-18 19:40:18: Checkpoint saved at episode 9100
03-18 19:40:30: Checkpoint saved at episode 9200
03-18 19:40:41: Checkpoint saved at episode 9300
03-18 19:40:44: New best reward 408.3 (+10.3%) at episode 9321, saving model...
03-18 19:40:54: Checkpoint saved at episode 9400
03-18 19:41:07: Checkpoint saved at episode 9500
03-18 19:41:22: Checkpoint saved at episode 9600
03-18 19:41:34: Checkpoint saved at episode 9700
03-18 19:41:47: New best reward 428.5 (+4.9%) at episode 9798, saving model...
03-18 19:41:47: Checkpoint saved at episode 9800
03-18 19:42:01: Checkpoint saved at episode 9900
03-18 19:42:16: Checkpoint saved at episode 10000
03-18 19:42:29: Checkpoint saved at episode 10100
03-18 19:42:30: New best reward 493.1 (+15.1%) at episode 10111, saving model...
03-18 19:42:46: Checkpoint saved at episode 10200
03-18 19:42:54: New best reward 510.6 (+3.5%) at episode 10249, saving model...
03-18 19:43:05: Checkpoint saved at episode 10300
03-18 19:43:20: Checkpoint saved at episode 10400
03-18 19:43:23: New best reward 597.6 (+17.0%) at episode 10413, saving model...
03-18 19:43:36: Checkpoint saved at episode 10500
03-18 19:43:54: Checkpoint saved at episode 10600
03-18 19:44:12: Checkpoint saved at episode 10700
03-18 19:44:34: Checkpoint saved at episode 10800
03-18 19:44:52: New best reward 626.1 (+4.8%) at episode 10873, saving model...
03-18 19:44:58: Checkpoint saved at episode 10900
03-18 19:45:20: Checkpoint saved at episode 11000
03-18 19:45:24: New best reward 693.8 (+10.8%) at episode 11018, saving model...
03-18 19:45:32: New best reward 1191.4 (+71.7%) at episode 11054, saving model...
03-18 19:45:41: Checkpoint saved at episode 11100
03-18 19:46:07: Checkpoint saved at episode 11200
03-18 19:46:30: Checkpoint saved at episode 11300
03-18 19:46:56: Checkpoint saved at episode 11400
03-18 19:47:19: Checkpoint saved at episode 11500
03-18 19:47:45: Checkpoint saved at episode 11600
03-18 19:48:10: Checkpoint saved at episode 11700
03-18 19:48:40: Checkpoint saved at episode 11800
03-18 19:49:16: Checkpoint saved at episode 11900
03-18 19:49:46: Checkpoint saved at episode 12000
03-18 19:50:17: Checkpoint saved at episode 12100
03-18 19:50:45: Checkpoint saved at episode 12200
03-18 19:51:08: Checkpoint saved at episode 12300
03-18 19:51:38: Checkpoint saved at episode 12400
03-18 19:52:09: New best reward 1257.6 (+5.6%) at episode 12489, saving model...
03-18 19:52:12: Checkpoint saved at episode 12500
03-18 19:52:45: Checkpoint saved at episode 12600
03-18 19:53:14: Checkpoint saved at episode 12700
03-18 19:53:42: Checkpoint saved at episode 12800
03-18 19:54:15: Checkpoint saved at episode 12900
03-18 19:54:49: Checkpoint saved at episode 13000
03-18 19:55:27: Checkpoint saved at episode 13100
03-18 19:56:05: Checkpoint saved at episode 13200
03-18 19:56:49: Checkpoint saved at episode 13300
03-18 19:57:34: New best reward 1419.1 (+12.8%) at episode 13398, saving model...
03-18 19:57:35: Checkpoint saved at episode 13400
03-18 19:57:42: New best reward 1437.3 (+1.3%) at episode 13412, saving model...
03-18 19:58:23: Checkpoint saved at episode 13500
03-18 19:59:23: New best reward 1620.0 (+12.7%) at episode 13599, saving model...
03-18 19:59:23: Checkpoint saved at episode 13600
03-18 19:59:58: New best reward 1766.6 (+9.1%) at episode 13651, saving model...
03-18 20:00:24: Checkpoint saved at episode 13700
03-18 20:01:10: Checkpoint saved at episode 13800
03-18 20:02:06: Checkpoint saved at episode 13900
03-18 20:02:55: Checkpoint saved at episode 14000
03-18 20:03:51: Checkpoint saved at episode 14100
03-18 20:04:29: Checkpoint saved at episode 14200
03-18 20:05:27: Checkpoint saved at episode 14300
03-18 20:06:15: Checkpoint saved at episode 14400
03-18 20:07:02: Checkpoint saved at episode 14500
03-18 20:07:47: Checkpoint saved at episode 14600
03-18 20:08:36: Checkpoint saved at episode 14700
03-18 20:09:21: Checkpoint saved at episode 14800
03-18 20:10:05: Checkpoint saved at episode 14900
03-18 20:10:45: Checkpoint saved at episode 15000
03-18 20:11:24: Checkpoint saved at episode 15100
03-18 20:12:07: Checkpoint saved at episode 15200
03-18 20:12:54: Checkpoint saved at episode 15300
03-18 20:13:41: Checkpoint saved at episode 15400
03-18 20:14:31: Checkpoint saved at episode 15500
03-18 20:15:21: Checkpoint saved at episode 15600
03-18 20:16:16: Checkpoint saved at episode 15700
03-18 20:17:12: Checkpoint saved at episode 15800
03-18 20:17:58: Checkpoint saved at episode 15900
03-18 20:18:54: Checkpoint saved at episode 16000
03-18 20:19:52: Checkpoint saved at episode 16100
03-18 20:20:51: Checkpoint saved at episode 16200
03-18 20:21:44: Checkpoint saved at episode 16300
03-18 20:22:36: Checkpoint saved at episode 16400
03-18 20:23:22: Checkpoint saved at episode 16500
03-18 20:24:13: Checkpoint saved at episode 16600
03-18 20:25:04: Checkpoint saved at episode 16700
03-18 20:26:01: Checkpoint saved at episode 16800
03-18 20:26:34: New best reward 1966.2 (+11.3%) at episode 16847, saving model...
03-18 20:27:03: Checkpoint saved at episode 16900
03-18 20:27:59: Checkpoint saved at episode 17000
03-18 20:28:56: Checkpoint saved at episode 17100
03-18 20:29:46: Checkpoint saved at episode 17200
03-18 20:30:33: Checkpoint saved at episode 17300
03-18 20:31:32: Checkpoint saved at episode 17400
03-18 20:32:36: Checkpoint saved at episode 17500
03-18 20:33:27: Checkpoint saved at episode 17600
03-18 20:34:34: Checkpoint saved at episode 17700
03-18 20:34:49: New best reward 2041.1 (+3.8%) at episode 17723, saving model...
03-18 20:35:50: Checkpoint saved at episode 17800
03-18 20:36:22: New best reward 2588.4 (+26.8%) at episode 17837, saving model...
03-18 20:37:12: Checkpoint saved at episode 17900
03-18 20:38:26: Checkpoint saved at episode 18000
03-18 20:39:51: Checkpoint saved at episode 18100
03-18 20:41:11: Checkpoint saved at episode 18200
03-18 20:42:28: Checkpoint saved at episode 18300
03-18 20:43:38: Checkpoint saved at episode 18400
03-18 20:44:50: Checkpoint saved at episode 18500
03-18 20:45:53: Checkpoint saved at episode 18600
03-18 20:47:04: Checkpoint saved at episode 18700
03-18 20:48:11: Checkpoint saved at episode 18800
03-18 20:49:04: New best reward 2606.3 (+0.7%) at episode 18872, saving model...
03-18 20:49:21: Checkpoint saved at episode 18900
03-18 20:50:38: Checkpoint saved at episode 19000
03-18 20:51:52: Checkpoint saved at episode 19100
03-18 20:52:55: Checkpoint saved at episode 19200
03-18 20:53:53: Checkpoint saved at episode 19300
03-18 20:54:56: Checkpoint saved at episode 19400
03-18 20:56:04: Checkpoint saved at episode 19500
03-18 20:56:23: New best reward 2964.0 (+13.7%) at episode 19525, saving model...
03-18 20:57:09: Checkpoint saved at episode 19600
03-18 20:58:24: Checkpoint saved at episode 19700
03-18 20:59:26: Checkpoint saved at episode 19800
03-18 21:00:42: Checkpoint saved at episode 19900
03-18 21:01:54: Checkpoint saved at episode 20000
03-18 21:03:13: Checkpoint saved at episode 20100
03-18 21:03:24: New best reward 4662.2 (+57.3%) at episode 20109, saving model...
03-18 21:04:29: Checkpoint saved at episode 20200
03-18 21:05:30: Checkpoint saved at episode 20300
03-18 21:06:29: Checkpoint saved at episode 20400
03-18 21:07:33: Checkpoint saved at episode 20500
03-18 21:08:28: Checkpoint saved at episode 20600
03-18 21:09:38: Checkpoint saved at episode 20700
03-18 21:11:00: Checkpoint saved at episode 20800
03-18 21:12:15: Checkpoint saved at episode 20900
03-18 21:13:33: Checkpoint saved at episode 21000
03-18 21:14:40: Checkpoint saved at episode 21100
03-18 21:15:51: Checkpoint saved at episode 21200
03-18 21:17:07: Checkpoint saved at episode 21300
03-18 21:18:23: Checkpoint saved at episode 21400
03-18 21:19:33: Checkpoint saved at episode 21500
03-18 21:20:38: Checkpoint saved at episode 21600
03-18 21:21:45: Checkpoint saved at episode 21700
03-18 21:22:53: Checkpoint saved at episode 21800
03-18 21:23:54: Checkpoint saved at episode 21900
03-18 21:25:03: Checkpoint saved at episode 22000
03-18 21:26:07: Checkpoint saved at episode 22100
03-18 21:27:20: Checkpoint saved at episode 22200
03-18 21:28:27: Checkpoint saved at episode 22300
03-18 21:29:29: Checkpoint saved at episode 22400
03-18 21:30:36: Checkpoint saved at episode 22500
03-18 21:31:31: Checkpoint saved at episode 22600
03-18 21:32:45: Checkpoint saved at episode 22700
03-18 21:33:57: Checkpoint saved at episode 22800
03-18 21:35:11: Checkpoint saved at episode 22900
03-18 21:36:28: Checkpoint saved at episode 23000
03-18 21:37:24: Checkpoint saved at episode 23100
03-18 21:38:19: Checkpoint saved at episode 23200
03-18 21:39:26: Checkpoint saved at episode 23300
03-18 21:40:25: Checkpoint saved at episode 23400
03-18 21:41:24: Checkpoint saved at episode 23500
03-18 21:42:23: Checkpoint saved at episode 23600
03-18 21:43:41: Checkpoint saved at episode 23700
03-18 21:44:50: Checkpoint saved at episode 23800
03-18 21:45:54: Checkpoint saved at episode 23900
03-18 21:47:11: Checkpoint saved at episode 24000
03-18 21:48:13: Checkpoint saved at episode 24100
03-18 21:49:13: Checkpoint saved at episode 24200
03-18 21:50:14: Checkpoint saved at episode 24300
03-18 21:51:12: Checkpoint saved at episode 24400
03-18 21:52:14: Checkpoint saved at episode 24500
03-18 21:53:14: Checkpoint saved at episode 24600
03-18 21:54:15: Checkpoint saved at episode 24700
03-18 21:55:21: Checkpoint saved at episode 24800
03-18 21:56:27: Checkpoint saved at episode 24900
03-18 21:57:36: Checkpoint saved at episode 25000
03-18 21:58:40: Checkpoint saved at episode 25100
03-18 21:59:43: Checkpoint saved at episode 25200
03-18 22:00:39: Checkpoint saved at episode 25300
03-18 22:01:47: Checkpoint saved at episode 25400
03-18 22:02:53: Checkpoint saved at episode 25500
03-18 22:03:55: Checkpoint saved at episode 25600
03-18 22:05:03: Checkpoint saved at episode 25700
03-18 22:06:11: Checkpoint saved at episode 25800
03-18 22:07:27: Checkpoint saved at episode 25900
03-18 22:08:36: Checkpoint saved at episode 26000
03-18 22:09:40: Checkpoint saved at episode 26100
03-18 22:10:51: Checkpoint saved at episode 26200
03-18 22:11:52: Checkpoint saved at episode 26300
03-18 22:13:06: Checkpoint saved at episode 26400
03-18 22:14:20: Checkpoint saved at episode 26500
03-18 22:15:28: Checkpoint saved at episode 26600
03-18 22:16:43: Checkpoint saved at episode 26700
03-18 22:17:47: Checkpoint saved at episode 26800
03-18 22:19:05: Checkpoint saved at episode 26900
03-18 22:20:17: Checkpoint saved at episode 27000
03-18 22:21:37: Checkpoint saved at episode 27100
03-18 22:22:51: Checkpoint saved at episode 27200
03-18 22:24:05: Checkpoint saved at episode 27300
03-18 22:25:11: Checkpoint saved at episode 27400
03-18 22:26:15: Checkpoint saved at episode 27500
03-18 22:27:29: Checkpoint saved at episode 27600
03-18 22:28:42: Checkpoint saved at episode 27700
03-18 22:29:59: Checkpoint saved at episode 27800
03-18 22:31:13: Checkpoint saved at episode 27900
03-18 22:32:19: Checkpoint saved at episode 28000
03-18 22:33:31: Checkpoint saved at episode 28100
03-18 22:34:41: Checkpoint saved at episode 28200
03-18 22:35:42: Checkpoint saved at episode 28300
03-18 22:36:45: Checkpoint saved at episode 28400
03-18 22:37:48: Checkpoint saved at episode 28500
03-18 22:38:55: Checkpoint saved at episode 28600
03-18 22:40:09: Checkpoint saved at episode 28700
03-18 22:41:19: Checkpoint saved at episode 28800
03-18 22:42:30: Checkpoint saved at episode 28900
03-18 22:43:53: Checkpoint saved at episode 29000
03-18 22:45:04: Checkpoint saved at episode 29100
03-18 22:46:26: Checkpoint saved at episode 29200
03-18 22:47:29: Checkpoint saved at episode 29300
03-18 22:48:45: Checkpoint saved at episode 29400
03-18 22:49:54: Checkpoint saved at episode 29500
03-18 22:51:05: Checkpoint saved at episode 29600
03-18 22:52:16: Checkpoint saved at episode 29700
03-18 22:53:23: Checkpoint saved at episode 29800
03-18 22:54:33: Checkpoint saved at episode 29900
03-18 22:55:45: Checkpoint saved at episode 30000
03-18 22:57:06: Checkpoint saved at episode 30100
03-18 22:58:22: Checkpoint saved at episode 30200
03-18 22:59:38: Checkpoint saved at episode 30300
03-18 23:00:43: Checkpoint saved at episode 30400
03-18 23:01:52: Checkpoint saved at episode 30500
03-18 23:02:51: Checkpoint saved at episode 30600
03-18 23:04:05: Checkpoint saved at episode 30700
03-18 23:05:20: Checkpoint saved at episode 30800
03-18 23:06:37: Checkpoint saved at episode 30900
03-18 23:07:43: Checkpoint saved at episode 31000
03-18 23:08:50: Checkpoint saved at episode 31100
03-18 23:10:05: Checkpoint saved at episode 31200
03-18 23:11:16: Checkpoint saved at episode 31300
03-18 23:12:37: Checkpoint saved at episode 31400
03-18 23:13:50: Checkpoint saved at episode 31500
03-18 23:15:07: Checkpoint saved at episode 31600
03-18 23:16:29: Checkpoint saved at episode 31700
03-18 23:17:46: Checkpoint saved at episode 31800
03-18 23:19:08: Checkpoint saved at episode 31900
03-18 23:20:27: Checkpoint saved at episode 32000
03-18 23:21:47: Checkpoint saved at episode 32100
03-18 23:23:03: Checkpoint saved at episode 32200
03-18 23:24:19: Checkpoint saved at episode 32300
03-18 23:25:25: Checkpoint saved at episode 32400
03-18 23:26:35: Checkpoint saved at episode 32500
03-18 23:27:47: Checkpoint saved at episode 32600
03-18 23:29:10: Checkpoint saved at episode 32700
03-18 23:30:17: Checkpoint saved at episode 32800
03-18 23:31:35: Checkpoint saved at episode 32900
03-18 23:32:45: Checkpoint saved at episode 33000
03-18 23:34:02: Checkpoint saved at episode 33100
03-18 23:35:16: Checkpoint saved at episode 33200
03-18 23:36:34: Checkpoint saved at episode 33300
03-18 23:37:46: Checkpoint saved at episode 33400
03-18 23:39:02: Checkpoint saved at episode 33500
03-18 23:40:11: Checkpoint saved at episode 33600
03-18 23:41:21: Checkpoint saved at episode 33700
03-18 23:42:39: Checkpoint saved at episode 33800
03-18 23:43:43: Checkpoint saved at episode 33900
03-18 23:45:01: Checkpoint saved at episode 34000
03-18 23:46:22: Checkpoint saved at episode 34100
03-18 23:47:45: Checkpoint saved at episode 34200
03-18 23:49:08: Checkpoint saved at episode 34300
03-18 23:50:29: Checkpoint saved at episode 34400
03-18 23:51:42: Checkpoint saved at episode 34500
03-18 23:52:51: Checkpoint saved at episode 34600
03-18 23:54:06: Checkpoint saved at episode 34700
03-18 23:55:25: Checkpoint saved at episode 34800
03-18 23:56:36: Checkpoint saved at episode 34900
03-18 23:57:49: Checkpoint saved at episode 35000
03-18 23:59:17: Checkpoint saved at episode 35100
03-19 00:00:43: Checkpoint saved at episode 35200
03-19 00:02:06: Checkpoint saved at episode 35300
03-19 00:03:26: Checkpoint saved at episode 35400
03-19 00:05:01: Checkpoint saved at episode 35500
03-19 00:06:19: Checkpoint saved at episode 35600
03-19 00:07:36: Checkpoint saved at episode 35700
03-19 00:09:01: Checkpoint saved at episode 35800
03-19 00:10:19: Checkpoint saved at episode 35900
03-19 00:11:43: Checkpoint saved at episode 36000
03-19 00:13:07: Checkpoint saved at episode 36100
03-19 00:14:25: Checkpoint saved at episode 36200
03-19 00:15:46: Checkpoint saved at episode 36300
03-19 00:17:07: Checkpoint saved at episode 36400
03-19 00:18:29: Checkpoint saved at episode 36500
03-19 00:19:43: Checkpoint saved at episode 36600
03-19 00:20:56: Checkpoint saved at episode 36700
03-19 00:22:17: Checkpoint saved at episode 36800
03-19 00:23:39: Checkpoint saved at episode 36900
03-19 00:24:50: Checkpoint saved at episode 37000
03-19 00:26:04: Checkpoint saved at episode 37100
03-19 00:27:14: Checkpoint saved at episode 37200
03-19 00:28:19: Checkpoint saved at episode 37300
03-19 00:29:23: Checkpoint saved at episode 37400
03-19 00:30:34: Checkpoint saved at episode 37500
03-19 00:31:48: Checkpoint saved at episode 37600
03-19 00:33:09: Checkpoint saved at episode 37700
03-19 00:34:33: Checkpoint saved at episode 37800
03-19 00:36:02: Checkpoint saved at episode 37900
03-19 00:37:14: Checkpoint saved at episode 38000
03-19 00:38:20: Checkpoint saved at episode 38100
03-19 00:39:28: Checkpoint saved at episode 38200
03-19 00:40:35: Checkpoint saved at episode 38300
03-19 00:41:50: Checkpoint saved at episode 38400
03-19 00:43:05: Checkpoint saved at episode 38500
03-19 00:44:21: Checkpoint saved at episode 38600
03-19 00:45:40: Checkpoint saved at episode 38700
03-19 00:46:56: Checkpoint saved at episode 38800
03-19 00:48:11: Checkpoint saved at episode 38900
03-19 00:49:32: Checkpoint saved at episode 39000
03-19 00:50:47: Checkpoint saved at episode 39100
03-19 00:52:00: Checkpoint saved at episode 39200
03-19 00:53:12: Checkpoint saved at episode 39300
03-19 00:54:19: Checkpoint saved at episode 39400
03-19 00:55:25: Checkpoint saved at episode 39500
03-19 00:56:55: Checkpoint saved at episode 39600
03-19 00:58:00: Checkpoint saved at episode 39700
03-19 00:59:24: Checkpoint saved at episode 39800
03-19 01:00:35: Checkpoint saved at episode 39900
03-19 01:01:52: Checkpoint saved at episode 40000
03-19 01:03:13: Checkpoint saved at episode 40100
03-19 01:04:30: Checkpoint saved at episode 40200
03-19 01:05:47: Checkpoint saved at episode 40300
03-19 01:07:10: Checkpoint saved at episode 40400
03-19 01:08:33: Checkpoint saved at episode 40500
03-19 01:09:50: Checkpoint saved at episode 40600
03-19 01:11:04: Checkpoint saved at episode 40700
03-19 01:12:11: Checkpoint saved at episode 40800
03-19 01:13:09: Checkpoint saved at episode 40900
03-19 01:14:17: Checkpoint saved at episode 41000
03-19 01:15:20: Checkpoint saved at episode 41100
03-19 01:16:27: Checkpoint saved at episode 41200
03-19 01:17:55: Checkpoint saved at episode 41300
03-19 01:19:19: Checkpoint saved at episode 41400
03-19 01:20:33: Checkpoint saved at episode 41500
03-19 01:21:51: Checkpoint saved at episode 41600
03-19 01:23:12: Checkpoint saved at episode 41700
03-19 01:24:38: Checkpoint saved at episode 41800
03-19 01:26:06: Checkpoint saved at episode 41900
03-19 01:27:37: Checkpoint saved at episode 42000
03-19 01:29:07: Checkpoint saved at episode 42100
03-19 01:30:27: Checkpoint saved at episode 42200
03-19 01:31:57: Checkpoint saved at episode 42300
03-19 01:33:13: Checkpoint saved at episode 42400
03-19 01:34:54: Checkpoint saved at episode 42500
03-19 01:36:15: Checkpoint saved at episode 42600
03-19 01:37:30: Checkpoint saved at episode 42700
03-19 01:38:49: Checkpoint saved at episode 42800
03-19 01:40:01: Checkpoint saved at episode 42900
03-19 01:41:25: Checkpoint saved at episode 43000
03-19 01:42:33: Checkpoint saved at episode 43100
03-19 01:43:46: Checkpoint saved at episode 43200
03-19 01:44:55: Checkpoint saved at episode 43300
03-19 01:46:09: Checkpoint saved at episode 43400
03-19 01:47:29: Checkpoint saved at episode 43500
03-19 01:49:00: Checkpoint saved at episode 43600
03-19 01:50:45: Checkpoint saved at episode 43700
03-19 01:52:24: Checkpoint saved at episode 43800
03-19 01:53:58: Checkpoint saved at episode 43900
03-19 01:55:32: Checkpoint saved at episode 44000
03-19 01:57:00: Checkpoint saved at episode 44100
03-19 01:58:27: Checkpoint saved at episode 44200
03-19 01:59:45: Checkpoint saved at episode 44300
03-19 02:01:08: Checkpoint saved at episode 44400
03-19 02:02:20: Checkpoint saved at episode 44500
03-19 02:03:38: Checkpoint saved at episode 44600
03-19 02:05:12: Checkpoint saved at episode 44700
03-19 02:06:37: Checkpoint saved at episode 44800
03-19 02:08:11: Checkpoint saved at episode 44900
03-19 02:09:26: Checkpoint saved at episode 45000
03-19 02:10:48: Checkpoint saved at episode 45100
03-19 02:12:06: Checkpoint saved at episode 45200
03-19 02:13:24: Checkpoint saved at episode 45300
03-19 02:14:48: Checkpoint saved at episode 45400
03-19 02:16:09: Checkpoint saved at episode 45500
03-19 02:17:28: Checkpoint saved at episode 45600
03-19 02:18:47: Checkpoint saved at episode 45700
03-19 02:20:12: Checkpoint saved at episode 45800
03-19 02:21:32: Checkpoint saved at episode 45900
03-19 02:22:57: Checkpoint saved at episode 46000
03-19 02:24:21: Checkpoint saved at episode 46100
03-19 02:25:38: Checkpoint saved at episode 46200
03-19 02:27:07: Checkpoint saved at episode 46300
03-19 02:28:33: Checkpoint saved at episode 46400
03-19 02:29:58: Checkpoint saved at episode 46500
03-19 02:31:23: Checkpoint saved at episode 46600
03-19 02:32:47: Checkpoint saved at episode 46700
03-19 02:34:13: Checkpoint saved at episode 46800
03-19 02:35:43: Checkpoint saved at episode 46900
03-19 02:37:16: Checkpoint saved at episode 47000
03-19 02:38:42: Checkpoint saved at episode 47100
03-19 02:40:09: Checkpoint saved at episode 47200
03-19 02:41:26: Checkpoint saved at episode 47300
03-19 02:42:52: Checkpoint saved at episode 47400
03-19 02:44:03: Checkpoint saved at episode 47500
03-19 02:45:30: Checkpoint saved at episode 47600
03-19 02:47:12: Checkpoint saved at episode 47700
03-19 02:48:34: Checkpoint saved at episode 47800
03-19 02:50:02: Checkpoint saved at episode 47900
03-19 02:51:23: Checkpoint saved at episode 48000
03-19 02:52:37: Checkpoint saved at episode 48100
03-19 02:53:48: Checkpoint saved at episode 48200
03-19 02:55:04: Checkpoint saved at episode 48300
03-19 02:56:28: Checkpoint saved at episode 48400
03-19 02:57:55: Checkpoint saved at episode 48500
03-19 02:59:12: Checkpoint saved at episode 48600
03-19 03:00:34: Checkpoint saved at episode 48700
03-19 03:01:56: Checkpoint saved at episode 48800
03-19 03:03:29: Checkpoint saved at episode 48900
03-19 03:04:53: Checkpoint saved at episode 49000
03-19 03:06:13: Checkpoint saved at episode 49100
03-19 03:07:30: Checkpoint saved at episode 49200
03-19 03:08:53: Checkpoint saved at episode 49300
03-19 03:10:20: Checkpoint saved at episode 49400
03-19 03:11:47: Checkpoint saved at episode 49500
03-19 03:13:01: Checkpoint saved at episode 49600
03-19 03:14:13: Checkpoint saved at episode 49700
03-19 03:15:33: Checkpoint saved at episode 49800
03-19 03:16:47: Checkpoint saved at episode 49900
03-19 03:18:07: Checkpoint saved at episode 50000
03-19 03:19:22: Checkpoint saved at episode 50100
03-19 03:20:32: Checkpoint saved at episode 50200
03-19 03:21:50: Checkpoint saved at episode 50300
03-19 03:23:04: Checkpoint saved at episode 50400
03-19 03:24:33: Checkpoint saved at episode 50500
03-19 03:25:55: Checkpoint saved at episode 50600
03-19 03:27:17: Checkpoint saved at episode 50700
03-19 03:28:26: Checkpoint saved at episode 50800
03-19 03:29:55: Checkpoint saved at episode 50900
03-19 03:31:03: Checkpoint saved at episode 51000
03-19 03:32:27: Checkpoint saved at episode 51100
03-19 03:33:43: Checkpoint saved at episode 51200
03-19 03:35:00: Checkpoint saved at episode 51300
03-19 03:36:12: Checkpoint saved at episode 51400
03-19 03:37:22: Checkpoint saved at episode 51500
03-19 03:38:30: Checkpoint saved at episode 51600
03-19 03:39:49: Checkpoint saved at episode 51700
03-19 03:41:08: Checkpoint saved at episode 51800
03-19 03:42:35: Checkpoint saved at episode 51900
03-19 03:44:11: Checkpoint saved at episode 52000
03-19 03:45:32: Checkpoint saved at episode 52100
03-19 03:46:56: Checkpoint saved at episode 52200
03-19 03:48:09: Checkpoint saved at episode 52300
03-19 03:49:19: Checkpoint saved at episode 52400
03-19 03:50:35: Checkpoint saved at episode 52500
03-19 03:52:00: Checkpoint saved at episode 52600
03-19 03:53:17: Checkpoint saved at episode 52700
03-19 03:54:41: Checkpoint saved at episode 52800
03-19 03:56:02: Checkpoint saved at episode 52900
03-19 03:57:10: Checkpoint saved at episode 53000
03-19 03:58:29: Checkpoint saved at episode 53100
03-19 03:59:39: Checkpoint saved at episode 53200
03-19 04:01:01: Checkpoint saved at episode 53300
03-19 04:02:31: Checkpoint saved at episode 53400
03-19 04:03:46: Checkpoint saved at episode 53500
03-19 04:04:56: Checkpoint saved at episode 53600
03-19 04:06:21: Checkpoint saved at episode 53700
03-19 04:07:33: Checkpoint saved at episode 53800
03-19 04:08:42: Checkpoint saved at episode 53900
03-19 04:10:05: Checkpoint saved at episode 54000
03-19 04:11:25: Checkpoint saved at episode 54100
03-19 04:12:45: Checkpoint saved at episode 54200
03-19 04:14:07: Checkpoint saved at episode 54300
03-19 04:15:25: Checkpoint saved at episode 54400
03-19 04:16:45: Checkpoint saved at episode 54500
03-19 04:18:11: Checkpoint saved at episode 54600
03-19 04:19:27: Checkpoint saved at episode 54700
03-19 04:20:52: Checkpoint saved at episode 54800
03-19 04:22:21: Checkpoint saved at episode 54900
03-19 04:23:52: Checkpoint saved at episode 55000
03-19 04:25:25: Checkpoint saved at episode 55100
03-19 04:26:44: Checkpoint saved at episode 55200
03-19 04:28:04: Checkpoint saved at episode 55300
03-19 04:29:12: Checkpoint saved at episode 55400
03-19 04:30:20: Checkpoint saved at episode 55500
03-19 04:31:30: Checkpoint saved at episode 55600
03-19 04:32:41: Checkpoint saved at episode 55700
03-19 04:33:58: Checkpoint saved at episode 55800
03-19 04:35:19: Checkpoint saved at episode 55900
03-19 04:36:45: Checkpoint saved at episode 56000
03-19 04:38:07: Checkpoint saved at episode 56100
03-19 04:39:25: Checkpoint saved at episode 56200
03-19 04:40:41: Checkpoint saved at episode 56300
03-19 04:42:18: Checkpoint saved at episode 56400
03-19 04:43:44: Checkpoint saved at episode 56500
03-19 04:45:07: Checkpoint saved at episode 56600
03-19 04:46:16: Checkpoint saved at episode 56700
03-19 04:47:28: Checkpoint saved at episode 56800
03-19 04:48:39: Checkpoint saved at episode 56900
03-19 04:50:11: Checkpoint saved at episode 57000
03-19 04:51:35: Checkpoint saved at episode 57100
03-19 04:52:54: Checkpoint saved at episode 57200
03-19 04:54:14: Checkpoint saved at episode 57300
03-19 04:55:26: Checkpoint saved at episode 57400
03-19 04:56:49: Checkpoint saved at episode 57500
03-19 04:58:05: Checkpoint saved at episode 57600
03-19 04:59:12: Checkpoint saved at episode 57700
03-19 05:00:24: Checkpoint saved at episode 57800
03-19 05:01:35: Checkpoint saved at episode 57900
03-19 05:02:48: Checkpoint saved at episode 58000
03-19 05:04:07: Checkpoint saved at episode 58100
03-19 05:05:19: Checkpoint saved at episode 58200
03-19 05:06:43: Checkpoint saved at episode 58300
03-19 05:08:14: Checkpoint saved at episode 58400
03-19 05:09:40: Checkpoint saved at episode 58500
03-19 05:11:08: Checkpoint saved at episode 58600
03-19 05:12:20: Checkpoint saved at episode 58700
03-19 05:13:43: Checkpoint saved at episode 58800
03-19 05:15:01: Checkpoint saved at episode 58900
03-19 05:16:29: Checkpoint saved at episode 59000
03-19 05:17:53: Checkpoint saved at episode 59100
03-19 05:19:22: Checkpoint saved at episode 59200
03-19 05:20:41: Checkpoint saved at episode 59300
03-19 05:21:58: Checkpoint saved at episode 59400
03-19 05:23:23: Checkpoint saved at episode 59500
03-19 05:24:53: Checkpoint saved at episode 59600
03-19 05:26:19: Checkpoint saved at episode 59700
03-19 05:27:39: Checkpoint saved at episode 59800
03-19 05:29:00: Checkpoint saved at episode 59900
03-19 05:30:09: Checkpoint saved at episode 60000
03-19 05:31:29: Checkpoint saved at episode 60100
03-19 05:32:48: Checkpoint saved at episode 60200
03-19 05:34:04: Checkpoint saved at episode 60300
03-19 05:35:17: Checkpoint saved at episode 60400
03-19 05:36:26: Checkpoint saved at episode 60500
03-19 05:37:47: Checkpoint saved at episode 60600
03-19 05:38:59: Checkpoint saved at episode 60700
03-19 05:40:08: Checkpoint saved at episode 60800
03-19 05:41:10: Checkpoint saved at episode 60900
03-19 05:42:22: Checkpoint saved at episode 61000
03-19 05:43:38: Checkpoint saved at episode 61100
03-19 05:44:51: Checkpoint saved at episode 61200
03-19 05:46:12: Checkpoint saved at episode 61300
03-19 05:47:35: Checkpoint saved at episode 61400
03-19 05:48:49: Checkpoint saved at episode 61500
03-19 05:50:04: Checkpoint saved at episode 61600
03-19 05:51:12: Checkpoint saved at episode 61700
03-19 05:52:28: Checkpoint saved at episode 61800
03-19 05:53:46: Checkpoint saved at episode 61900
03-19 05:54:55: Checkpoint saved at episode 62000
03-19 05:56:09: Checkpoint saved at episode 62100
03-19 05:57:23: Checkpoint saved at episode 62200
03-19 05:58:28: Checkpoint saved at episode 62300
03-19 05:59:41: Checkpoint saved at episode 62400
03-19 06:01:01: Checkpoint saved at episode 62500
03-19 06:02:16: Checkpoint saved at episode 62600
03-19 06:03:32: Checkpoint saved at episode 62700
03-19 06:04:51: Checkpoint saved at episode 62800
03-19 06:06:07: Checkpoint saved at episode 62900
03-19 06:07:26: Checkpoint saved at episode 63000
03-19 06:08:47: Checkpoint saved at episode 63100
03-19 06:10:12: Checkpoint saved at episode 63200
03-19 06:11:23: Checkpoint saved at episode 63300
03-19 06:12:41: Checkpoint saved at episode 63400
03-19 06:13:57: Checkpoint saved at episode 63500
03-19 06:15:20: Checkpoint saved at episode 63600
03-19 06:16:34: Checkpoint saved at episode 63700
03-19 06:17:59: Checkpoint saved at episode 63800
03-19 06:19:15: Checkpoint saved at episode 63900
03-19 06:20:34: Checkpoint saved at episode 64000
03-19 06:21:50: Checkpoint saved at episode 64100
03-19 06:23:12: Checkpoint saved at episode 64200
03-19 06:24:33: Checkpoint saved at episode 64300
03-19 06:25:49: Checkpoint saved at episode 64400
03-19 06:26:58: Checkpoint saved at episode 64500
03-19 06:28:10: Checkpoint saved at episode 64600
03-19 06:29:25: Checkpoint saved at episode 64700
03-19 06:30:38: Checkpoint saved at episode 64800
03-19 06:31:53: Checkpoint saved at episode 64900
03-19 06:33:04: Checkpoint saved at episode 65000
03-19 06:34:21: Checkpoint saved at episode 65100
03-19 06:35:41: Checkpoint saved at episode 65200
03-19 06:36:58: Checkpoint saved at episode 65300
03-19 06:38:14: Checkpoint saved at episode 65400
03-19 06:39:29: Checkpoint saved at episode 65500
03-19 06:40:43: Checkpoint saved at episode 65600
03-19 06:42:01: Checkpoint saved at episode 65700
03-19 06:43:23: Checkpoint saved at episode 65800
03-19 06:44:33: Checkpoint saved at episode 65900
03-19 06:45:57: Checkpoint saved at episode 66000
03-19 06:47:16: Checkpoint saved at episode 66100
03-19 06:48:41: Checkpoint saved at episode 66200
03-19 06:50:04: Checkpoint saved at episode 66300
03-19 06:51:24: Checkpoint saved at episode 66400
03-19 06:52:37: Checkpoint saved at episode 66500
03-19 06:53:59: Checkpoint saved at episode 66600
03-19 06:55:10: Checkpoint saved at episode 66700
03-19 06:56:28: Checkpoint saved at episode 66800
03-19 06:57:46: Checkpoint saved at episode 66900
03-19 06:59:00: Checkpoint saved at episode 67000
03-19 07:00:19: Checkpoint saved at episode 67100
03-19 07:01:36: Checkpoint saved at episode 67200
03-19 07:02:52: Checkpoint saved at episode 67300
03-19 07:04:15: Checkpoint saved at episode 67400
03-19 07:05:32: Checkpoint saved at episode 67500
03-19 07:06:42: Checkpoint saved at episode 67600
03-19 07:08:08: Checkpoint saved at episode 67700
03-19 07:09:36: Checkpoint saved at episode 67800
03-19 07:10:55: Checkpoint saved at episode 67900
03-19 07:12:10: Checkpoint saved at episode 68000
03-19 07:13:35: Checkpoint saved at episode 68100
03-19 07:14:58: Checkpoint saved at episode 68200
03-19 07:16:15: Checkpoint saved at episode 68300
03-19 07:17:48: Checkpoint saved at episode 68400
03-19 07:19:00: Checkpoint saved at episode 68500
03-19 07:20:13: Checkpoint saved at episode 68600
03-19 07:21:28: Checkpoint saved at episode 68700
03-19 07:22:58: Checkpoint saved at episode 68800
03-19 07:24:23: Checkpoint saved at episode 68900
03-19 07:25:43: Checkpoint saved at episode 69000
03-19 07:27:15: Checkpoint saved at episode 69100
03-19 07:28:40: Checkpoint saved at episode 69200
03-19 07:29:57: Checkpoint saved at episode 69300
03-19 07:31:08: Checkpoint saved at episode 69400
03-19 07:32:25: Checkpoint saved at episode 69500
03-19 07:33:45: Checkpoint saved at episode 69600
03-19 07:35:05: Checkpoint saved at episode 69700
03-19 07:36:15: Checkpoint saved at episode 69800
03-19 07:37:26: Checkpoint saved at episode 69900
03-19 07:38:43: Checkpoint saved at episode 70000
03-19 07:39:57: Checkpoint saved at episode 70100
03-19 07:41:18: Checkpoint saved at episode 70200
03-19 07:42:39: Checkpoint saved at episode 70300
03-19 07:44:04: Checkpoint saved at episode 70400
03-19 07:45:25: Checkpoint saved at episode 70500
03-19 07:46:45: Checkpoint saved at episode 70600
03-19 07:48:05: Checkpoint saved at episode 70700
03-19 07:49:11: Checkpoint saved at episode 70800
03-19 07:50:20: Checkpoint saved at episode 70900
03-19 07:51:38: Checkpoint saved at episode 71000
03-19 07:53:00: Checkpoint saved at episode 71100
03-19 07:54:06: Checkpoint saved at episode 71200
03-19 07:55:17: Checkpoint saved at episode 71300
03-19 07:56:32: Checkpoint saved at episode 71400
03-19 07:57:52: Checkpoint saved at episode 71500
03-19 07:59:10: Checkpoint saved at episode 71600
03-19 08:00:28: Checkpoint saved at episode 71700
03-19 08:02:00: Checkpoint saved at episode 71800
03-19 08:03:27: Checkpoint saved at episode 71900
03-19 08:04:52: Checkpoint saved at episode 72000
03-19 08:06:16: Checkpoint saved at episode 72100
03-19 08:07:36: Checkpoint saved at episode 72200
03-19 08:08:55: Checkpoint saved at episode 72300
03-19 08:10:25: Checkpoint saved at episode 72400
03-19 08:11:43: Checkpoint saved at episode 72500
03-19 08:13:06: Checkpoint saved at episode 72600
03-19 08:14:28: Checkpoint saved at episode 72700
03-19 08:15:44: Checkpoint saved at episode 72800
03-19 08:17:01: Checkpoint saved at episode 72900
03-19 08:18:21: Checkpoint saved at episode 73000
03-19 08:19:36: Checkpoint saved at episode 73100
03-19 08:20:42: Checkpoint saved at episode 73200
03-19 08:22:02: Checkpoint saved at episode 73300
03-19 08:23:07: Checkpoint saved at episode 73400
03-19 08:24:15: Checkpoint saved at episode 73500
03-19 08:25:30: Checkpoint saved at episode 73600
03-19 08:26:45: Checkpoint saved at episode 73700
03-19 08:28:05: Checkpoint saved at episode 73800
03-19 08:29:25: Checkpoint saved at episode 73900
03-19 08:30:39: Checkpoint saved at episode 74000
03-19 08:31:48: Checkpoint saved at episode 74100
03-19 08:33:08: Checkpoint saved at episode 74200
03-19 08:34:23: Checkpoint saved at episode 74300
03-19 08:35:51: Checkpoint saved at episode 74400
03-19 08:37:20: Checkpoint saved at episode 74500
03-19 08:38:42: Checkpoint saved at episode 74600
03-19 08:40:08: Checkpoint saved at episode 74700
03-19 08:41:38: Checkpoint saved at episode 74800
03-19 08:43:01: Checkpoint saved at episode 74900
03-19 08:44:24: Checkpoint saved at episode 75000
03-19 08:45:50: Checkpoint saved at episode 75100
03-19 08:47:26: Checkpoint saved at episode 75200
03-19 08:49:06: Checkpoint saved at episode 75300
03-19 08:50:51: Checkpoint saved at episode 75400
03-19 08:52:12: Checkpoint saved at episode 75500
03-19 08:53:28: Checkpoint saved at episode 75600
03-19 08:54:55: Checkpoint saved at episode 75700
03-19 08:56:14: Checkpoint saved at episode 75800
03-19 08:57:40: Checkpoint saved at episode 75900
03-19 08:59:03: Checkpoint saved at episode 76000
03-19 09:00:35: Checkpoint saved at episode 76100
03-19 09:02:06: Checkpoint saved at episode 76200
03-19 09:03:34: Checkpoint saved at episode 76300
03-19 09:05:07: Checkpoint saved at episode 76400
03-19 09:06:24: Checkpoint saved at episode 76500
03-19 09:07:46: Checkpoint saved at episode 76600
03-19 09:09:07: Checkpoint saved at episode 76700
03-19 09:10:27: Checkpoint saved at episode 76800
03-19 09:11:52: Checkpoint saved at episode 76900
03-19 09:13:28: Checkpoint saved at episode 77000
03-19 09:15:09: Checkpoint saved at episode 77100
03-19 09:16:33: Checkpoint saved at episode 77200
03-19 09:18:04: Checkpoint saved at episode 77300
03-19 09:19:30: Checkpoint saved at episode 77400
03-19 09:20:40: Checkpoint saved at episode 77500
03-19 09:21:52: Checkpoint saved at episode 77600
03-19 09:23:11: Checkpoint saved at episode 77700
03-19 09:24:22: Checkpoint saved at episode 77800
03-19 09:25:47: Checkpoint saved at episode 77900
03-19 09:27:09: Checkpoint saved at episode 78000
03-19 09:28:33: Checkpoint saved at episode 78100
03-19 09:30:01: Checkpoint saved at episode 78200
03-19 09:31:21: Checkpoint saved at episode 78300
03-19 09:32:52: Checkpoint saved at episode 78400
03-19 09:34:11: Checkpoint saved at episode 78500
03-19 09:35:34: Checkpoint saved at episode 78600
03-19 09:36:44: Checkpoint saved at episode 78700
03-19 09:38:30: Checkpoint saved at episode 78800
03-19 09:39:55: Checkpoint saved at episode 78900
03-19 09:41:39: Checkpoint saved at episode 79000
03-19 09:43:09: Checkpoint saved at episode 79100
03-19 09:44:32: Checkpoint saved at episode 79200
03-19 09:45:51: Checkpoint saved at episode 79300
03-19 09:47:08: Checkpoint saved at episode 79400
03-19 09:48:31: Checkpoint saved at episode 79500
03-19 09:49:54: Checkpoint saved at episode 79600
03-19 09:51:21: Checkpoint saved at episode 79700
03-19 09:52:49: Checkpoint saved at episode 79800
03-19 09:54:15: Checkpoint saved at episode 79900
03-19 09:55:28: Checkpoint saved at episode 80000
03-19 09:56:54: Checkpoint saved at episode 80100
03-19 09:58:20: Checkpoint saved at episode 80200
03-19 09:59:48: Checkpoint saved at episode 80300
03-19 10:01:07: Checkpoint saved at episode 80400
03-19 10:02:34: Checkpoint saved at episode 80500
03-19 10:04:04: Checkpoint saved at episode 80600
03-19 10:05:36: Checkpoint saved at episode 80700
03-19 10:07:02: Checkpoint saved at episode 80800
03-19 10:08:27: Checkpoint saved at episode 80900
03-19 10:10:02: Checkpoint saved at episode 81000
03-19 10:11:19: Checkpoint saved at episode 81100
03-19 10:12:44: Checkpoint saved at episode 81200
03-19 10:14:04: Checkpoint saved at episode 81300
03-19 10:15:31: Checkpoint saved at episode 81400
03-19 10:17:07: Checkpoint saved at episode 81500
03-19 10:18:42: Checkpoint saved at episode 81600
03-19 10:20:08: Checkpoint saved at episode 81700
03-19 10:21:25: Checkpoint saved at episode 81800
03-19 10:22:36: Checkpoint saved at episode 81900
03-19 10:23:44: Checkpoint saved at episode 82000
03-19 10:24:50: Checkpoint saved at episode 82100
03-19 10:26:07: Checkpoint saved at episode 82200
03-19 10:27:24: Checkpoint saved at episode 82300
03-19 10:28:44: Checkpoint saved at episode 82400
03-19 10:30:05: Checkpoint saved at episode 82500
03-19 10:31:20: Checkpoint saved at episode 82600
03-19 10:32:42: Checkpoint saved at episode 82700
03-19 10:33:59: Checkpoint saved at episode 82800
03-19 10:35:11: Checkpoint saved at episode 82900
03-19 10:36:32: Checkpoint saved at episode 83000
03-19 10:37:45: Checkpoint saved at episode 83100
03-19 10:39:05: Checkpoint saved at episode 83200
03-19 10:40:29: Checkpoint saved at episode 83300
03-19 10:41:45: Checkpoint saved at episode 83400
03-19 10:43:00: Checkpoint saved at episode 83500
03-19 10:44:14: Checkpoint saved at episode 83600
03-19 10:45:34: Checkpoint saved at episode 83700
03-19 10:47:00: Checkpoint saved at episode 83800
03-19 10:48:35: Checkpoint saved at episode 83900
03-19 10:50:05: Checkpoint saved at episode 84000
03-19 10:51:32: Checkpoint saved at episode 84100
